// Jest Snapshot v1, https://goo.gl/fbAQLP

exports[`Team should render Team snapshot 1`] = `
<div
  className="main__team"
>
  <div
    className="team__founder"
  >
    <div
      className="team__photo"
    >
      <video
        className="video-team"
        loop={true}
        onMouseOut={[Function]}
        onMouseOver={[Function]}
        poster="https://lbefree.com/storage/casting/team/images/Lilit_founder.jpg"
        src="https://lbefree.com/storage/casting/team/Lilit_founder.mp4"
      />
    </div>
    <div
      className="team__desc"
    >
      <span
        className="team__item-position"
      >
        FOUNDER
      </span>
      <span
        className="team__item-name"
      >
        Lilit Unanyan
      </span>
      <div
        className="team__item-contacts"
      >
        <InstagramIcon
          href="https://www.instagram.com/casadelili/"
        />
        <YoutubeIcon
          href="https://www.youtube.com/channel/UCAZFH1xkBWGn5EbbGuqYcGA"
        />
        <FacebookIcon
          href="https://www.facebook.com/casadelilit"
        />
      </div>
    </div>
  </div>
  <div
    className="team__button-mobile"
    onClick={[Function]}
  >
    <span>
      Our Team
    </span>
    <ArrowDownIcon
      style={null}
    />
  </div>
  <div
    className="team__items"
  >
    <div
      className="team__item"
      key="6"
    >
      <video
        className="team__photo"
        loop={true}
        onMouseOut={[Function]}
        onMouseOver={[Function]}
        poster="https://lbefree.com/storage/casting/team/images/Salman_voin.jpg"
        src="Salman_voin.mp4"
      />
      <div
        className="team__desc"
      >
        <span
          className="team__item-position"
        >
          PARTNERSHIP MANAGER
        </span>
        <span
          className="team__item-name"
        >
          SALMAN AHACHAD
        </span>
      </div>
    </div>
    <div
      className="team__item"
      key="4"
    >
      <picture>
        <source
          srcset="https://lbefree.com/storage/casting/team/images/Jenya_programmer.webp"
          type="image/webp"
        />
        <img
          alt="sorry bro :'("
          className="team__photo lazyload"
          data-src="https://lbefree.com/storage/casting/team/images/Jenya_programmer.jpg"
          width="100%"
        />
      </picture>
      <div
        className="team__desc"
      >
        <span
          className="team__item-position"
        >
          PROGRAMMER
        </span>
        <span
          className="team__item-name"
        >
          EUGENE SLUGIN
        </span>
      </div>
    </div>
    <div
      className="team__item"
      key="1"
    >
      <video
        className="team__photo"
        loop={true}
        onMouseOut={[Function]}
        onMouseOver={[Function]}
        poster="https://lbefree.com/storage/casting/team/images/Vanya_programmer.jpg"
        src="Vanya_programmer.mp4"
      />
      <div
        className="team__desc"
      >
        <span
          className="team__item-position"
        >
          PROGRAMMER
        </span>
        <span
          className="team__item-name"
        >
          IVAN KHANIN
        </span>
      </div>
    </div>
    <div
      className="team__item"
      key="10"
    >
      <video
        className="team__photo"
        loop={true}
        onMouseOut={[Function]}
        onMouseOver={[Function]}
        poster="https://lbefree.com/storage/casting/team/images/Danil_programmer.jpg"
        src="Daniel_programmer.mp4"
      />
      <div
        className="team__desc"
      >
        <span
          className="team__item-position"
        >
          PROGRAMMER
        </span>
        <span
          className="team__item-name"
        >
          DANIEL RASSOMAKHIN
        </span>
      </div>
    </div>
    <div
      className="team__item"
      key="15"
    >
      <video
        className="team__photo"
        loop={true}
        onMouseOut={[Function]}
        onMouseOver={[Function]}
        poster="https://lbefree.com/storage/casting/team/images/Samir_prog.jpg"
        src="Samir_prog.mp4"
      />
      <div
        className="team__desc"
      >
        <span
          className="team__item-position"
        >
          PROGRAMMER & MEDIA MANAGER
        </span>
        <span
          className="team__item-name"
        >
          SAMIR El MOUSAOUI
        </span>
      </div>
    </div>
    <div
      className="team__item"
      key="12"
    >
      <video
        className="team__photo"
        loop={true}
        onMouseOut={[Function]}
        onMouseOver={[Function]}
        poster="https://lbefree.com/storage/casting/team/images/Kristina_pr.jpg"
        src="Kristina_pr.mp4"
      />
      <div
        className="team__desc"
      >
        <span
          className="team__item-position"
        >
          PR MANAGER
        </span>
        <span
          className="team__item-name"
        >
          KRISTINA SOSIPATROVA
        </span>
      </div>
    </div>
    <div
      className="team__item"
      key="11"
    >
      <video
        className="team__photo"
        loop={true}
        onMouseOut={[Function]}
        onMouseOver={[Function]}
        poster="https://lbefree.com/storage/casting/team/images/Olya_pr.jpg"
        src="Olya_pr.mp4"
      />
      <div
        className="team__desc"
      >
        <span
          className="team__item-position"
        >
          PR MANAGER
        </span>
        <span
          className="team__item-name"
        >
          OLGA KORNEEVA
        </span>
      </div>
    </div>
    <div
      className="team__item"
      key="7"
    >
      <video
        className="team__photo"
        loop={true}
        onMouseOut={[Function]}
        onMouseOver={[Function]}
        poster="https://lbefree.com/storage/casting/team/images/Harek_T34_85_film.jpg"
        src="Harek_T34_85_film.mp4"
      />
      <div
        className="team__desc"
      >
        <span
          className="team__item-position"
        >
          FILM DIRECTOR
        </span>
        <span
          className="team__item-name"
        >
          OLGA ZVEZDOGLIAD
        </span>
      </div>
    </div>
    <div
      className="team__item"
      key="9"
    >
      <video
        className="team__photo"
        loop={true}
        onMouseOut={[Function]}
        onMouseOver={[Function]}
        poster="https://lbefree.com/storage/casting/team/images/Marina_design.jpg"
        src="Marina_design.mp4"
      />
      <div
        className="team__desc"
      >
        <span
          className="team__item-position"
        >
          WEB DESIGNER
        </span>
        <span
          className="team__item-name"
        >
          MARINA BIBIK
        </span>
      </div>
    </div>
    <div
      className="team__item"
      key="2"
    >
      <picture>
        <source
          srcset="https://lbefree.com/storage/casting/team/images/Lisa_design.webp"
          type="image/webp"
        />
        <img
          alt="sorry bro :'("
          className="team__photo lazyload"
          data-src="https://lbefree.com/storage/casting/team/images/Lisa_design.jpg"
          width="100%"
        />
      </picture>
      <div
        className="team__desc"
      >
        <span
          className="team__item-position"
        >
          WEB DESIGNER
        </span>
        <span
          className="team__item-name"
        >
          ELIZAVETA ZINENKO
        </span>
      </div>
    </div>
    <div
      className="team__item"
      key="3"
    >
      <video
        className="team__photo"
        loop={true}
        onMouseOut={[Function]}
        onMouseOver={[Function]}
        poster="https://lbefree.com/storage/casting/team/images/Danil_art.jpg"
        src="Danil_art.MP4"
      />
      <div
        className="team__desc"
      >
        <span
          className="team__item-position"
        >
          ART DESIGNER
        </span>
        <span
          className="team__item-name"
        >
          DANILA MALYUTIN
        </span>
      </div>
    </div>
    <div
      className="team__item"
      key="8"
    >
      <video
        className="team__photo"
        loop={true}
        onMouseOut={[Function]}
        onMouseOver={[Function]}
        poster="https://lbefree.com/storage/casting/team/images/Igor_pacan.jpg"
        src="Igor_pacan.mp4"
      />
      <div
        className="team__desc"
      >
        <span
          className="team__item-position"
        >
          ACCOUNT MANAGER
        </span>
        <span
          className="team__item-name"
        >
          IGOR LYAKHOV
        </span>
      </div>
    </div>
  </div>
</div>
`;
